// Jest Snapshot v1, https://goo.gl/fbAQLP

exports[`Twino login and get the user profile overview 1`] = `
Object {
  "integration": Object {
    "base_url": "https://www.twino.eu/",
    "overview_url": "https://www.twino.eu/ws/web/investor/my-account-summary",
  },
  "user_profile": Object {
    "account_value": 328.6284,
    "currency_fluctuations": 0,
    "deposits": 560,
    "first_buy_share_date": 2016-09-17T07:17:46.975Z,
    "income": 105.6284,
    "interest_without_currency_fluctuations": 105.6284,
    "investment_balance": 147.8137,
    "investments": 180.8147,
    "loss_on_writeoff": 0,
    "withdrawals": -337,
    "xirr": 10.065,
  },
}
`;
